******************************************************************************
                  TI ARM Linker Unix v16.6.0                   
******************************************************************************
>> Linked Mon Sep  5 12:55:31 2016

OUTPUT FILE NAME:   <adc.out>
ENTRY POINT SYMBOL: "_c_int00"  address: 00000821


MEMORY CONFIGURATION

         name            origin    length      used     unused   attr    fill
----------------------  --------  ---------  --------  --------  ----  --------
  FLASH                 00000000   00040000  00000c2c  0003f3d4  R  X
  SRAM                  20000000   00008000  00000218  00007de8  RW X


SEGMENT ALLOCATION MAP

run origin  load origin   length   init length attrs members
----------  ----------- ---------- ----------- ----- -------
00000000    00000000    00000c2c   00000c2c    r-x
  00000000    00000000    0000026c   0000026c    r-- .intvecs
  0000026c    0000026c    0000090c   0000090c    r-x .text
  00000b78    00000b78    00000090   00000090    r-- .const
  00000c08    00000c08    00000024   00000024    r-- .cinit
20000000    20000000    00000218   00000000    rw-
  20000000    20000000    00000200   00000000    rw- .stack
  20000200    20000200    00000018   00000000    rw- .data


SECTION ALLOCATION MAP

 output                                  attributes/
section   page    origin      length       input sections
--------  ----  ----------  ----------   ----------------
.intvecs   0    00000000    0000026c     
                  00000000    0000026c     tm4c123gh6pm_startup_ccs.obj (.intvecs)

.text      0    0000026c    0000090c     
                  0000026c    00000144     main.obj (.text)
                  000003b0    00000132     driverlib.lib : gpio.obj (.text:GPIOPadConfigSet)
                  000004e2    00000002     rtsv7M4_T_le_v4SPD16_eabi.lib : mpu_init.obj (.text)
                  000004e4    000000f4     driverlib.lib : sysctl.obj (.text:SysCtlClockSet)
                  000005d8    0000009c     rtsv7M4_T_le_v4SPD16_eabi.lib : memcpy_t2.obj (.text)
                  00000674    0000007a     driverlib.lib : adc.obj (.text:ADCSequenceStepConfigure)
                  000006ee    00000002     rtsv7M4_T_le_v4SPD16_eabi.lib : startup.obj (.text)
                  000006f0    00000070                                   : autoinit.obj (.text)
                  00000760    00000066                                   : copy_decompress_lzss.obj (.text:decompress:lzss)
                  000007c6    00000002     --HOLE-- [fill = 0]
                  000007c8    00000058     driverlib.lib : adc.obj (.text:ADCSequenceConfigure)
                  00000820    00000054     rtsv7M4_T_le_v4SPD16_eabi.lib : boot.obj (.text)
                  00000874    00000054                                   : exit.obj (.text)
                  000008c8    0000004c                                   : cpy_tbl.obj (.text)
                  00000914    00000048     driverlib.lib : gpio.obj (.text:GPIOPinConfigure)
                  0000095c    00000038                   : sysctl.obj (.text:SysCtlPeripheralReady)
                  00000994    00000034                   : sysctl.obj (.text:SysCtlPeripheralEnable)
                  000009c8    0000002e                   : adc.obj (.text:ADCIntStatus)
                  000009f6    0000002a                   : gpio.obj (.text:GPIODirModeSet)
                  00000a20    00000022                   : pwm.obj (.text:PWMGenConfigure)
                  00000a42    0000001e                   : adc.obj (.text:ADCSequenceDataGet)
                  00000a60    0000001e                   : pwm.obj (.text:PWMPulseWidthSet)
                  00000a7e    00000018                   : adc.obj (.text:ADCProcessorTrigger)
                  00000a96    00000002     --HOLE-- [fill = 0]
                  00000a98    00000018     rtsv7M4_T_le_v4SPD16_eabi.lib : args_main.obj (.text)
                  00000ab0    00000014     driverlib.lib : sysctl.obj (.text:SysCtlPWMClockSet)
                  00000ac4    00000014     rtsv7M4_T_le_v4SPD16_eabi.lib : _lock.obj (.text)
                  00000ad8    00000012     driverlib.lib : gpio.obj (.text:GPIOPinTypeADC)
                  00000aea    00000012                   : gpio.obj (.text:GPIOPinTypePWM)
                  00000afc    00000012                   : pwm.obj (.text:PWMGenPeriodGet)
                  00000b0e    00000012                   : pwm.obj (.text:PWMOutputState)
                  00000b20    00000010                   : pwm.obj (.text:PWMGenPeriodSet)
                  00000b30    0000000e                   : adc.obj (.text:ADCSequenceEnable)
                  00000b3e    0000000e     rtsv7M4_T_le_v4SPD16_eabi.lib : copy_decompress_none.obj (.text:decompress:none)
                  00000b4c    0000000c     driverlib.lib : pwm.obj (.text:PWMGenEnable)
                  00000b58    0000000c     tm4c123gh6pm_startup_ccs.obj (.text)
                  00000b64    0000000a     driverlib.lib : adc.obj (.text:ADCIntClear)
                  00000b6e    00000006                   : sysctl.obj (.text:SysCtlDelay)
                  00000b74    00000004     rtsv7M4_T_le_v4SPD16_eabi.lib : pre_init.obj (.text)

.const     0    00000b78    00000090     
                  00000b78    00000090     driverlib.lib : gpio.obj (.const:g_pui32GPIOBaseAddrs)

.cinit     0    00000c08    00000024     
                  00000c08    00000011     (.cinit..data.load) [load image, compression = lzss]
                  00000c19    00000003     --HOLE-- [fill = 0]
                  00000c1c    00000008     (__TI_handler_table)
                  00000c24    00000008     (__TI_cinit_table)

.init_array 
*          0    00000000    00000000     UNINITIALIZED

.data      0    20000200    00000018     UNINITIALIZED
                  20000200    0000000c     rtsv7M4_T_le_v4SPD16_eabi.lib : exit.obj (.data:$O1$$)
                  2000020c    00000008                                   : _lock.obj (.data:$O1$$)
                  20000214    00000004                                   : stkdepth_vars.obj (.data)

.stack     0    20000000    00000200     UNINITIALIZED
                  20000000    00000200     --HOLE--

MODULE SUMMARY

       Module                         code   ro data   rw data
       ------                         ----   -------   -------
    ./
       tm4c123gh6pm_startup_ccs.obj   12     620       0      
       main.obj                       324    0         0      
    +--+------------------------------+------+---------+---------+
       Total:                         336    620       0      
                                                              
    ../../tivaware/driverlib/ccs/Debug/driverlib.lib
       gpio.obj                       456    144       0      
       sysctl.obj                     378    0         0      
       adc.obj                        334    0         0      
       pwm.obj                        128    0         0      
    +--+------------------------------+------+---------+---------+
       Total:                         1296   144       0      
                                                              
    /home/steven/ti/ccsv6/tools/compiler/ti-cgt-arm_16.6.0.STS/lib/rtsv7M4_T_le_v4SPD16_eabi.lib
       memcpy_t2.obj                  156    0         0      
       autoinit.obj                   112    0         0      
       copy_decompress_lzss.obj       102    0         0      
       exit.obj                       84     0         12     
       boot.obj                       84     0         0      
       cpy_tbl.obj                    76     0         0      
       _lock.obj                      20     0         8      
       args_main.obj                  24     0         0      
       copy_decompress_none.obj       14     0         0      
       pre_init.obj                   4      0         0      
       stkdepth_vars.obj              0      0         4      
       mpu_init.obj                   2      0         0      
       startup.obj                    2      0         0      
    +--+------------------------------+------+---------+---------+
       Total:                         680    0         24     
                                                              
       Stack:                         0      0         512    
       Linker Generated:              0      33        0      
    +--+------------------------------+------+---------+---------+
       Grand Total:                   2312   797       536    


LINKER GENERATED COPY TABLES

__TI_cinit_table @ 00000c24 records: 1, size/record: 8, table size: 8
	.data: load addr=00000c08, load size=00000011 bytes, run addr=20000200, run size=00000018 bytes, compression=lzss


LINKER GENERATED HANDLER TABLE

__TI_handler_table @ 00000c1c records: 2, size/record: 4, table size: 8
	index: 0, handler: __TI_decompress_lzss
	index: 1, handler: __TI_decompress_none


GLOBAL SYMBOLS: SORTED ALPHABETICALLY BY Name 

address   name                           
-------   ----                           
00000b65  ADCIntClear                    
000009c9  ADCIntStatus                   
00000a7f  ADCProcessorTrigger            
000007c9  ADCSequenceConfigure           
00000a43  ADCSequenceDataGet             
00000b31  ADCSequenceEnable              
00000675  ADCSequenceStepConfigure       
00000875  C$$EXIT                        
000009f7  GPIODirModeSet                 
000003b1  GPIOPadConfigSet               
00000915  GPIOPinConfigure               
00000ad9  GPIOPinTypeADC                 
00000aeb  GPIOPinTypePWM                 
00000a21  PWMGenConfigure                
00000b4d  PWMGenEnable                   
00000afd  PWMGenPeriodGet                
00000b21  PWMGenPeriodSet                
00000b0f  PWMOutputState                 
00000a61  PWMPulseWidthSet               
00000b59  ResetISR                       
UNDEFED   SHT$$INIT_ARRAY$$Base          
UNDEFED   SHT$$INIT_ARRAY$$Limit         
000004e5  SysCtlClockSet                 
00000b6f  SysCtlDelay                    
00000ab1  SysCtlPWMClockSet              
00000995  SysCtlPeripheralEnable         
0000095d  SysCtlPeripheralReady          
20000200  __STACK_END                    
00000200  __STACK_SIZE                   
20000200  __STACK_TOP                    
00000c24  __TI_CINIT_Base                
00000c2c  __TI_CINIT_Limit               
00000c1c  __TI_Handler_Table_Base        
00000c24  __TI_Handler_Table_Limit       
000006f1  __TI_auto_init                 
20000200  __TI_cleanup_ptr               
00000761  __TI_decompress_lzss           
00000b3f  __TI_decompress_none           
20000204  __TI_dtors_ptr                 
20000208  __TI_enable_exit_profile_output
ffffffff  __TI_pprof_out_hndl            
ffffffff  __TI_prof_data_size            
ffffffff  __TI_prof_data_start           
00000000  __TI_static_base__             
000005d9  __aeabi_memcpy                 
000005d9  __aeabi_memcpy4                
000005d9  __aeabi_memcpy8                
ffffffff  __binit__                      
ffffffff  __c_args__                     
000004e3  __mpu_init                     
20000000  __stack                        
00000a99  _args_main                     
00000821  _c_int00                       
2000020c  _lock                          
00000ad3  _nop                           
00000acb  _register_lock                 
00000ac5  _register_unlock               
000006ef  _system_post_cinit             
00000b75  _system_pre_init               
20000210  _unlock                        
00000879  abort                          
ffffffff  binit                          
000008c9  copy_in                        
00000881  exit                           
00000000  g_pfnVectors                   
0000026d  main                           
20000214  main_func_sp                   
000005d9  memcpy                         


GLOBAL SYMBOLS: SORTED BY Symbol Address 

address   name                           
-------   ----                           
00000000  __TI_static_base__             
00000000  g_pfnVectors                   
00000200  __STACK_SIZE                   
0000026d  main                           
000003b1  GPIOPadConfigSet               
000004e3  __mpu_init                     
000004e5  SysCtlClockSet                 
000005d9  __aeabi_memcpy                 
000005d9  __aeabi_memcpy4                
000005d9  __aeabi_memcpy8                
000005d9  memcpy                         
00000675  ADCSequenceStepConfigure       
000006ef  _system_post_cinit             
000006f1  __TI_auto_init                 
00000761  __TI_decompress_lzss           
000007c9  ADCSequenceConfigure           
00000821  _c_int00                       
00000875  C$$EXIT                        
00000879  abort                          
00000881  exit                           
000008c9  copy_in                        
00000915  GPIOPinConfigure               
0000095d  SysCtlPeripheralReady          
00000995  SysCtlPeripheralEnable         
000009c9  ADCIntStatus                   
000009f7  GPIODirModeSet                 
00000a21  PWMGenConfigure                
00000a43  ADCSequenceDataGet             
00000a61  PWMPulseWidthSet               
00000a7f  ADCProcessorTrigger            
00000a99  _args_main                     
00000ab1  SysCtlPWMClockSet              
00000ac5  _register_unlock               
00000acb  _register_lock                 
00000ad3  _nop                           
00000ad9  GPIOPinTypeADC                 
00000aeb  GPIOPinTypePWM                 
00000afd  PWMGenPeriodGet                
00000b0f  PWMOutputState                 
00000b21  PWMGenPeriodSet                
00000b31  ADCSequenceEnable              
00000b3f  __TI_decompress_none           
00000b4d  PWMGenEnable                   
00000b59  ResetISR                       
00000b65  ADCIntClear                    
00000b6f  SysCtlDelay                    
00000b75  _system_pre_init               
00000c1c  __TI_Handler_Table_Base        
00000c24  __TI_CINIT_Base                
00000c24  __TI_Handler_Table_Limit       
00000c2c  __TI_CINIT_Limit               
20000000  __stack                        
20000200  __STACK_END                    
20000200  __STACK_TOP                    
20000200  __TI_cleanup_ptr               
20000204  __TI_dtors_ptr                 
20000208  __TI_enable_exit_profile_output
2000020c  _lock                          
20000210  _unlock                        
20000214  main_func_sp                   
ffffffff  __TI_pprof_out_hndl            
ffffffff  __TI_prof_data_size            
ffffffff  __TI_prof_data_start           
ffffffff  __binit__                      
ffffffff  __c_args__                     
ffffffff  binit                          
UNDEFED   SHT$$INIT_ARRAY$$Base          
UNDEFED   SHT$$INIT_ARRAY$$Limit         

[68 symbols]
