******************************************************************************
                  TI ARM Linker Unix v15.12.1                  
******************************************************************************
>> Linked Tue Sep 13 22:04:53 2016

OUTPUT FILE NAME:   <QEI_Example.out>
ENTRY POINT SYMBOL: "_c_int00"  address: 000002b5


MEMORY CONFIGURATION

         name            origin    length      used     unused   attr    fill
----------------------  --------  ---------  --------  --------  ----  --------
  RAM                   00000020   ffffffe0  00000c02  fffff3de  RWIX


SEGMENT ALLOCATION MAP

run origin  load origin   length   init length attrs members
----------  ----------- ---------- ----------- ----- -------
00000020    00000020    0000042c   0000042c    r-x
  00000020    00000020    0000042c   0000042c    r-x .text
0000044c    0000044c    00000018   00000000    rw-
  0000044c    0000044c    00000018   00000000    rw- .data
00000464    00000464    00000210   00000210    r--
  00000464    00000464    00000210   00000210    r-- .constdata
00000674    00000674    00000200   00000000    rw-
  00000674    00000674    00000200   00000000    rw- .stack
00000874    00000874    00000386   00000386    r-x
  00000874    00000874    00000138   00000138    r-x i.GPIOPadConfigSet
  000009ac    000009ac    00000128   00000128    r-x i.SysCtlClockSet
  00000ad4    00000ad4    00000044   00000044    r-x i.GPIOPinConfigure
  00000b18    00000b18    0000002c   0000002c    r-x i.SysCtlPeripheralReady
  00000b44    00000b44    00000028   00000028    r-x i.GPIODirModeSet
  00000b6c    00000b6c    00000028   00000028    r-x i.SysCtlPeripheralEnable
  00000b94    00000b94    0000001c   0000001c    r-x i.GPIOPinTypeQEI
  00000bb0    00000bb0    00000010   00000010    r-x i.QEIVelocityConfigure
  00000bc0    00000bc0    0000000e   0000000e    r-x i.QEIConfigure
  00000bce    00000bce    0000000a   0000000a    r-x i.QEIEnable
  00000bd8    00000bd8    0000000a   0000000a    r-x i.QEIFilterEnable
  00000be2    00000be2    0000000a   0000000a    r-x i.QEIVelocityEnable
  00000bec    00000bec    00000006   00000006    r-x .emb_text
  00000bf2    00000bf2    00000004   00000004    r-x i.QEIPositionGet
  00000bf6    00000bf6    00000004   00000004    r-x i.QEIVelocityGet
00000c00    00000c00    00000028   00000028    r--
  00000c00    00000c00    00000028   00000028    r-- .cinit


SECTION ALLOCATION MAP

 output                                  attributes/
section   page    origin      length       input sections
--------  ----  ----------  ----------   ----------------
.text      0    00000020    0000042c     
                  00000020    000000a0     main.obj (.text)
                  000000c0    0000009c     rtsv7M4_T_le_v4SPD16_eabi.lib : memcpy_t2.obj (.text)
                  0000015c    0000007a                                   : memset_t2.obj (.text)
                  000001d6    00000002                                   : mpu_init.obj (.text)
                  000001d8    00000070                                   : autoinit.obj (.text)
                  00000248    0000006a                                   : copy_decompress_rle.obj (.text)
                  000002b2    00000002                                   : startup.obj (.text)
                  000002b4    00000054                                   : boot.obj (.text)
                  00000308    00000054                                   : exit.obj (.text)
                  0000035c    0000004c                                   : cpy_tbl.obj (.text)
                  000003a8    00000018                                   : args_main.obj (.text)
                  000003c0    00000014                                   : _lock.obj (.text)
                  000003d4    0000000e                                   : copy_decompress_none.obj (.text:decompress:none)
                  000003e2    00000006                                   : copy_decompress_rle.obj (.text:decompress:rle24)
                  000003e8    00000004                                   : pre_init.obj (.text)
                  000003ec    00000008     driverlib.lib : sysctl.o (.tramp.SysCtlPeripheralReady.1)
                  000003f4    00000008                   : sysctl.o (.tramp.SysCtlClockSet.1)
                  000003fc    00000008                   : sysctl.o (.tramp.SysCtlPeripheralEnable.1)
                  00000404    00000008                   : gpio.o (.tramp.GPIOPinTypeQEI.1)
                  0000040c    00000008                   : gpio.o (.tramp.GPIOPinConfigure.1)
                  00000414    00000008                   : qei.o (.tramp.QEIConfigure.1)
                  0000041c    00000008                   : qei.o (.tramp.QEIFilterEnable.1)
                  00000424    00000008                   : qei.o (.tramp.QEIEnable.1)
                  0000042c    00000008                   : qei.o (.tramp.QEIVelocityConfigure.1)
                  00000434    00000008                   : qei.o (.tramp.QEIVelocityEnable.1)
                  0000043c    00000008                   : qei.o (.tramp.QEIPositionGet.1)
                  00000444    00000008                   : qei.o (.tramp.QEIVelocityGet.1)

.data      0    0000044c    00000018     UNINITIALIZED
                  0000044c    0000000c     rtsv7M4_T_le_v4SPD16_eabi.lib : exit.obj (.data:$O1$$)
                  00000458    00000008                                   : _lock.obj (.data:$O1$$)
                  00000460    00000004                                   : stkdepth_vars.obj (.data)

.cinit     0    00000c00    00000028     
                  00000c00    00000016     (.cinit..data.load) [load image, compression = rle]
                  00000c16    00000002     --HOLE-- [fill = 0]
                  00000c18    00000008     (__TI_handler_table)
                  00000c20    00000008     (__TI_cinit_table)

.init_array 
*          0    00000020    00000000     UNINITIALIZED

.constdata 
*          0    00000464    00000210     
                  00000464    00000210     driverlib.lib : gpio.o (.constdata)

.stack     0    00000674    00000200     UNINITIALIZED
                  00000674    00000200     --HOLE--

i.GPIOPadConfigSet 
*          0    00000874    00000138     
                  00000874    00000138     driverlib.lib : gpio.o (i.GPIOPadConfigSet)

i.SysCtlClockSet 
*          0    000009ac    00000128     
                  000009ac    00000120     driverlib.lib : sysctl.o (i.SysCtlClockSet)
                  00000acc    00000008                   : sysctl.o (.tramp.SysCtlDelay.1)

i.GPIOPinConfigure 
*          0    00000ad4    00000044     
                  00000ad4    00000044     driverlib.lib : gpio.o (i.GPIOPinConfigure)

i.SysCtlPeripheralReady 
*          0    00000b18    0000002c     
                  00000b18    0000002c     driverlib.lib : sysctl.o (i.SysCtlPeripheralReady)

i.GPIODirModeSet 
*          0    00000b44    00000028     
                  00000b44    00000028     driverlib.lib : gpio.o (i.GPIODirModeSet)

i.SysCtlPeripheralEnable 
*          0    00000b6c    00000028     
                  00000b6c    00000028     driverlib.lib : sysctl.o (i.SysCtlPeripheralEnable)

i.GPIOPinTypeQEI 
*          0    00000b94    0000001c     
                  00000b94    0000001c     driverlib.lib : gpio.o (i.GPIOPinTypeQEI)

i.QEIVelocityConfigure 
*          0    00000bb0    00000010     
                  00000bb0    00000010     driverlib.lib : qei.o (i.QEIVelocityConfigure)

i.QEIConfigure 
*          0    00000bc0    0000000e     
                  00000bc0    0000000e     driverlib.lib : qei.o (i.QEIConfigure)

i.QEIEnable 
*          0    00000bce    0000000a     
                  00000bce    0000000a     driverlib.lib : qei.o (i.QEIEnable)

i.QEIFilterEnable 
*          0    00000bd8    0000000a     
                  00000bd8    0000000a     driverlib.lib : qei.o (i.QEIFilterEnable)

i.QEIVelocityEnable 
*          0    00000be2    0000000a     
                  00000be2    0000000a     driverlib.lib : qei.o (i.QEIVelocityEnable)

.emb_text 
*          0    00000bec    00000006     
                  00000bec    00000006     driverlib.lib : sysctl.o (.emb_text)

i.QEIPositionGet 
*          0    00000bf2    00000004     
                  00000bf2    00000004     driverlib.lib : qei.o (i.QEIPositionGet)

i.QEIVelocityGet 
*          0    00000bf6    00000004     
                  00000bf6    00000004     driverlib.lib : qei.o (i.QEIVelocityGet)

MODULE SUMMARY

       Module                     code   ro data   rw data
       ------                     ----   -------   -------
    ./
       main.obj                   160    0         0      
    +--+--------------------------+------+---------+---------+
       Total:                     160    0         0      
                                                          
    /home/elsa/ti/SW-TM4C-2.1.3.156/driverlib/rvmdk/driverlib.lib
       gpio.o                     464    528       0      
       sysctl.o                   410    0         0      
       qei.o                      124    0         0      
    +--+--------------------------+------+---------+---------+
       Total:                     998    528       0      
                                                          
    /home/elsa/ti/ccsv6/tools/compiler/ti-cgt-arm_15.12.1.LTS/lib/rtsv7M4_T_le_v4SPD16_eabi.lib
       memcpy_t2.obj              156    0         0      
       memset_t2.obj              122    0         0      
       autoinit.obj               112    0         0      
       copy_decompress_rle.obj    112    0         0      
       exit.obj                   84     0         12     
       boot.obj                   84     0         0      
       cpy_tbl.obj                76     0         0      
       _lock.obj                  20     0         8      
       args_main.obj              24     0         0      
       copy_decompress_none.obj   14     0         0      
       pre_init.obj               4      0         0      
       stkdepth_vars.obj          0      0         4      
       mpu_init.obj               2      0         0      
       startup.obj                2      0         0      
    +--+--------------------------+------+---------+---------+
       Total:                     812    0         24     
                                                          
       Stack:                     0      0         512    
       Linker Generated:          0      38        0      
    +--+--------------------------+------+---------+---------+
       Grand Total:               1970   566       536    


LINKER GENERATED COPY TABLES

__TI_cinit_table @ 00000c20 records: 1, size/record: 8, table size: 8
	.data: load addr=00000c00, load size=00000016 bytes, run addr=0000044c, run size=00000018 bytes, compression=rle


LINKER GENERATED HANDLER TABLE

__TI_handler_table @ 00000c18 records: 2, size/record: 4, table size: 8
	index: 0, handler: __TI_decompress_rle24
	index: 1, handler: __TI_decompress_none


FAR CALL TRAMPOLINES

callee name               trampoline name
   callee addr  tramp addr   call addr  call info
--------------  -----------  ---------  ----------------
SysCtlPeripheralReady     $Tramp$TT$S$$SysCtlPeripheralReady
   00000b19     000003ec     0000003a   main.obj (.text)
                             0000004a   main.obj (.text)
SysCtlClockSet            $Tramp$TT$S$$SysCtlClockSet
   000009ad     000003f4     0000002e   main.obj (.text)
SysCtlPeripheralEnable    $Tramp$TT$S$$SysCtlPeripheralEnable
   00000b6d     000003fc     00000034   main.obj (.text)
                             00000044   main.obj (.text)
GPIOPinTypeQEI            $Tramp$TT$S$$GPIOPinTypeQEI
   00000b95     00000404     00000056   main.obj (.text)
GPIOPinConfigure          $Tramp$TT$S$$GPIOPinConfigure
   00000ad5     0000040c     0000005c   main.obj (.text)
                             00000062   main.obj (.text)
                             00000068   main.obj (.text)
QEIConfigure              $Tramp$TT$S$$QEIConfigure
   00000bc1     00000414     00000072   main.obj (.text)
QEIFilterEnable           $Tramp$TT$S$$QEIFilterEnable
   00000bd9     0000041c     00000078   main.obj (.text)
QEIEnable                 $Tramp$TT$S$$QEIEnable
   00000bcf     00000424     0000007e   main.obj (.text)
QEIVelocityConfigure      $Tramp$TT$S$$QEIVelocityConfigure
   00000bb1     0000042c     00000088   main.obj (.text)
QEIVelocityEnable         $Tramp$TT$S$$QEIVelocityEnable
   00000be3     00000434     0000008e   main.obj (.text)
QEIPositionGet            $Tramp$TT$S$$QEIPositionGet
   00000bf3     0000043c     00000094   main.obj (.text)
QEIVelocityGet            $Tramp$TT$S$$QEIVelocityGet
   00000bf7     00000444     0000009a   main.obj (.text)
SysCtlDelay               $Tramp$TT$S$$SysCtlDelay
   00000bed     00000acc     00000ab6   driverlib.lib : sysctl.o (i.SysCtlClockSet)

[13 trampolines]
[17 trampoline calls]


GLOBAL SYMBOLS: SORTED ALPHABETICALLY BY Name 

address   name                           
-------   ----                           
00000309  C$$EXIT                        
00000b45  GPIODirModeSet                 
00000875  GPIOPadConfigSet               
00000ad5  GPIOPinConfigure               
00000b95  GPIOPinTypeQEI                 
00000bc1  QEIConfigure                   
00000bcf  QEIEnable                      
00000bd9  QEIFilterEnable                
00000bf3  QEIPositionGet                 
00000bb1  QEIVelocityConfigure           
00000be3  QEIVelocityEnable              
00000bf7  QEIVelocityGet                 
UNDEFED   SHT$$INIT_ARRAY$$Base          
UNDEFED   SHT$$INIT_ARRAY$$Limit         
000009ad  SysCtlClockSet                 
00000bed  SysCtlDelay                    
00000b6d  SysCtlPeripheralEnable         
00000b19  SysCtlPeripheralReady          
00000874  __STACK_END                    
00000200  __STACK_SIZE                   
00000c20  __TI_CINIT_Base                
00000c28  __TI_CINIT_Limit               
00000c18  __TI_Handler_Table_Base        
00000c20  __TI_Handler_Table_Limit       
000001d9  __TI_auto_init                 
0000044c  __TI_cleanup_ptr               
000003d5  __TI_decompress_none           
000003e3  __TI_decompress_rle24          
00000450  __TI_dtors_ptr                 
00000454  __TI_enable_exit_profile_output
ffffffff  __TI_pprof_out_hndl            
ffffffff  __TI_prof_data_size            
ffffffff  __TI_prof_data_start           
00000c00  __TI_static_base__             
0000015d  __aeabi_memclr                 
0000015d  __aeabi_memclr4                
0000015d  __aeabi_memclr8                
000000c1  __aeabi_memcpy                 
000000c1  __aeabi_memcpy4                
000000c1  __aeabi_memcpy8                
0000015f  __aeabi_memset                 
0000015f  __aeabi_memset4                
0000015f  __aeabi_memset8                
ffffffff  __binit__                      
ffffffff  __c_args__                     
000001d7  __mpu_init                     
00000674  __stack                        
000003a9  _args_main                     
000002b5  _c_int00                       
00000458  _lock                          
000003cf  _nop                           
000003c7  _register_lock                 
000003c1  _register_unlock               
000002b3  _system_post_cinit             
000003e9  _system_pre_init               
0000045c  _unlock                        
0000030d  abort                          
ffffffff  binit                          
0000035d  copy_in                        
00000315  exit                           
00000021  main                           
00000460  main_func_sp                   
000000c1  memcpy                         
00000165  memset                         


GLOBAL SYMBOLS: SORTED BY Symbol Address 

address   name                           
-------   ----                           
00000021  main                           
000000c1  __aeabi_memcpy                 
000000c1  __aeabi_memcpy4                
000000c1  __aeabi_memcpy8                
000000c1  memcpy                         
0000015d  __aeabi_memclr                 
0000015d  __aeabi_memclr4                
0000015d  __aeabi_memclr8                
0000015f  __aeabi_memset                 
0000015f  __aeabi_memset4                
0000015f  __aeabi_memset8                
00000165  memset                         
000001d7  __mpu_init                     
000001d9  __TI_auto_init                 
00000200  __STACK_SIZE                   
000002b3  _system_post_cinit             
000002b5  _c_int00                       
00000309  C$$EXIT                        
0000030d  abort                          
00000315  exit                           
0000035d  copy_in                        
000003a9  _args_main                     
000003c1  _register_unlock               
000003c7  _register_lock                 
000003cf  _nop                           
000003d5  __TI_decompress_none           
000003e3  __TI_decompress_rle24          
000003e9  _system_pre_init               
0000044c  __TI_cleanup_ptr               
00000450  __TI_dtors_ptr                 
00000454  __TI_enable_exit_profile_output
00000458  _lock                          
0000045c  _unlock                        
00000460  main_func_sp                   
00000674  __stack                        
00000874  __STACK_END                    
00000875  GPIOPadConfigSet               
000009ad  SysCtlClockSet                 
00000ad5  GPIOPinConfigure               
00000b19  SysCtlPeripheralReady          
00000b45  GPIODirModeSet                 
00000b6d  SysCtlPeripheralEnable         
00000b95  GPIOPinTypeQEI                 
00000bb1  QEIVelocityConfigure           
00000bc1  QEIConfigure                   
00000bcf  QEIEnable                      
00000bd9  QEIFilterEnable                
00000be3  QEIVelocityEnable              
00000bed  SysCtlDelay                    
00000bf3  QEIPositionGet                 
00000bf7  QEIVelocityGet                 
00000c00  __TI_static_base__             
00000c18  __TI_Handler_Table_Base        
00000c20  __TI_CINIT_Base                
00000c20  __TI_Handler_Table_Limit       
00000c28  __TI_CINIT_Limit               
ffffffff  __TI_pprof_out_hndl            
ffffffff  __TI_prof_data_size            
ffffffff  __TI_prof_data_start           
ffffffff  __binit__                      
ffffffff  __c_args__                     
ffffffff  binit                          
UNDEFED   SHT$$INIT_ARRAY$$Base          
UNDEFED   SHT$$INIT_ARRAY$$Limit         

[64 symbols]
