******************************************************************************
                  TI ARM Linker Unix v16.6.0                   
******************************************************************************
>> Linked Mon Sep  5 13:00:00 2016

OUTPUT FILE NAME:   <gpio_output.out>
ENTRY POINT SYMBOL: "_c_int00"  address: 00000589


MEMORY CONFIGURATION

         name            origin    length      used     unused   attr    fill
----------------------  --------  ---------  --------  --------  ----  --------
  FLASH                 00000000   00040000  000007a0  0003f860  R  X
  SRAM                  20000000   00008000  00000218  00007de8  RW X


SEGMENT ALLOCATION MAP

run origin  load origin   length   init length attrs members
----------  ----------- ---------- ----------- ----- -------
00000000    00000000    000007a4   000007a4    r-x
  00000000    00000000    0000026c   0000026c    r-- .intvecs
  0000026c    0000026c    00000510   00000510    r-x .text
  00000780    00000780    00000024   00000024    r-- .cinit
20000000    20000000    00000218   00000000    rw-
  20000000    20000000    00000200   00000000    rw- .stack
  20000200    20000200    00000018   00000000    rw- .data


SECTION ALLOCATION MAP

 output                                  attributes/
section   page    origin      length       input sections
--------  ----  ----------  ----------   ----------------
.intvecs   0    00000000    0000026c     
                  00000000    0000026c     tm4c123gh6pm_startup_ccs.obj (.intvecs)

.text      0    0000026c    00000510     
                  0000026c    00000132     driverlib.lib : gpio.obj (.text:GPIOPadConfigSet)
                  0000039e    0000009c     rtsv7M4_T_le_v4SPD16_eabi.lib : memcpy_t2.obj (.text)
                  0000043a    00000002                                   : mpu_init.obj (.text)
                  0000043c    00000074     main.obj (.text)
                  000004b0    00000070     rtsv7M4_T_le_v4SPD16_eabi.lib : autoinit.obj (.text)
                  00000520    00000066                                   : copy_decompress_lzss.obj (.text:decompress:lzss)
                  00000586    00000002                                   : startup.obj (.text)
                  00000588    00000054                                   : boot.obj (.text)
                  000005dc    00000054                                   : exit.obj (.text)
                  00000630    0000004c                                   : cpy_tbl.obj (.text)
                  0000067c    00000038     driverlib.lib : sysctl.obj (.text:SysCtlPeripheralReady)
                  000006b4    00000034                   : sysctl.obj (.text:SysCtlPeripheralEnable)
                  000006e8    0000002a                   : gpio.obj (.text:GPIODirModeSet)
                  00000712    00000018                   : gpio.obj (.text:GPIOPinTypeGPIOOutput)
                  0000072a    00000002     --HOLE-- [fill = 0]
                  0000072c    00000018     rtsv7M4_T_le_v4SPD16_eabi.lib : args_main.obj (.text)
                  00000744    00000014                                   : _lock.obj (.text)
                  00000758    0000000e                                   : copy_decompress_none.obj (.text:decompress:none)
                  00000766    0000000c     tm4c123gh6pm_startup_ccs.obj (.text)
                  00000772    00000006     driverlib.lib : gpio.obj (.text:GPIOPinWrite)
                  00000778    00000004     rtsv7M4_T_le_v4SPD16_eabi.lib : pre_init.obj (.text)

.cinit     0    00000780    00000024     
                  00000780    00000011     (.cinit..data.load) [load image, compression = lzss]
                  00000791    00000003     --HOLE-- [fill = 0]
                  00000794    00000008     (__TI_handler_table)
                  0000079c    00000008     (__TI_cinit_table)

.init_array 
*          0    00000000    00000000     UNINITIALIZED

.data      0    20000200    00000018     UNINITIALIZED
                  20000200    0000000c     rtsv7M4_T_le_v4SPD16_eabi.lib : exit.obj (.data:$O1$$)
                  2000020c    00000008                                   : _lock.obj (.data:$O1$$)
                  20000214    00000004                                   : stkdepth_vars.obj (.data)

.stack     0    20000000    00000200     UNINITIALIZED
                  20000000    00000200     --HOLE--

MODULE SUMMARY

       Module                         code   ro data   rw data
       ------                         ----   -------   -------
    ./
       tm4c123gh6pm_startup_ccs.obj   12     620       0      
       main.obj                       116    0         0      
    +--+------------------------------+------+---------+---------+
       Total:                         128    620       0      
                                                              
    ../../tivaware/driverlib/ccs/Debug/driverlib.lib
       gpio.obj                       378    0         0      
       sysctl.obj                     108    0         0      
    +--+------------------------------+------+---------+---------+
       Total:                         486    0         0      
                                                              
    /home/steven/ti/ccsv6/tools/compiler/ti-cgt-arm_16.6.0.STS/lib/rtsv7M4_T_le_v4SPD16_eabi.lib
       memcpy_t2.obj                  156    0         0      
       autoinit.obj                   112    0         0      
       copy_decompress_lzss.obj       102    0         0      
       exit.obj                       84     0         12     
       boot.obj                       84     0         0      
       cpy_tbl.obj                    76     0         0      
       _lock.obj                      20     0         8      
       args_main.obj                  24     0         0      
       copy_decompress_none.obj       14     0         0      
       pre_init.obj                   4      0         0      
       stkdepth_vars.obj              0      0         4      
       mpu_init.obj                   2      0         0      
       startup.obj                    2      0         0      
    +--+------------------------------+------+---------+---------+
       Total:                         680    0         24     
                                                              
       Stack:                         0      0         512    
       Linker Generated:              0      33        0      
    +--+------------------------------+------+---------+---------+
       Grand Total:                   1294   653       536    


LINKER GENERATED COPY TABLES

__TI_cinit_table @ 0000079c records: 1, size/record: 8, table size: 8
	.data: load addr=00000780, load size=00000011 bytes, run addr=20000200, run size=00000018 bytes, compression=lzss


LINKER GENERATED HANDLER TABLE

__TI_handler_table @ 00000794 records: 2, size/record: 4, table size: 8
	index: 0, handler: __TI_decompress_lzss
	index: 1, handler: __TI_decompress_none


GLOBAL SYMBOLS: SORTED ALPHABETICALLY BY Name 

address   name                           
-------   ----                           
000005dd  C$$EXIT                        
000006e9  GPIODirModeSet                 
0000026d  GPIOPadConfigSet               
00000713  GPIOPinTypeGPIOOutput          
00000773  GPIOPinWrite                   
00000767  ResetISR                       
UNDEFED   SHT$$INIT_ARRAY$$Base          
UNDEFED   SHT$$INIT_ARRAY$$Limit         
000006b5  SysCtlPeripheralEnable         
0000067d  SysCtlPeripheralReady          
20000200  __STACK_END                    
00000200  __STACK_SIZE                   
20000200  __STACK_TOP                    
0000079c  __TI_CINIT_Base                
000007a4  __TI_CINIT_Limit               
00000794  __TI_Handler_Table_Base        
0000079c  __TI_Handler_Table_Limit       
000004b1  __TI_auto_init                 
20000200  __TI_cleanup_ptr               
00000521  __TI_decompress_lzss           
00000759  __TI_decompress_none           
20000204  __TI_dtors_ptr                 
20000208  __TI_enable_exit_profile_output
ffffffff  __TI_pprof_out_hndl            
ffffffff  __TI_prof_data_size            
ffffffff  __TI_prof_data_start           
00000000  __TI_static_base__             
0000039f  __aeabi_memcpy                 
0000039f  __aeabi_memcpy4                
0000039f  __aeabi_memcpy8                
ffffffff  __binit__                      
ffffffff  __c_args__                     
0000043b  __mpu_init                     
20000000  __stack                        
0000072d  _args_main                     
00000589  _c_int00                       
2000020c  _lock                          
00000753  _nop                           
0000074b  _register_lock                 
00000745  _register_unlock               
00000587  _system_post_cinit             
00000779  _system_pre_init               
20000210  _unlock                        
000005e1  abort                          
ffffffff  binit                          
00000631  copy_in                        
000005e9  exit                           
00000000  g_pfnVectors                   
0000043d  main                           
20000214  main_func_sp                   
0000039f  memcpy                         


GLOBAL SYMBOLS: SORTED BY Symbol Address 

address   name                           
-------   ----                           
00000000  __TI_static_base__             
00000000  g_pfnVectors                   
00000200  __STACK_SIZE                   
0000026d  GPIOPadConfigSet               
0000039f  __aeabi_memcpy                 
0000039f  __aeabi_memcpy4                
0000039f  __aeabi_memcpy8                
0000039f  memcpy                         
0000043b  __mpu_init                     
0000043d  main                           
000004b1  __TI_auto_init                 
00000521  __TI_decompress_lzss           
00000587  _system_post_cinit             
00000589  _c_int00                       
000005dd  C$$EXIT                        
000005e1  abort                          
000005e9  exit                           
00000631  copy_in                        
0000067d  SysCtlPeripheralReady          
000006b5  SysCtlPeripheralEnable         
000006e9  GPIODirModeSet                 
00000713  GPIOPinTypeGPIOOutput          
0000072d  _args_main                     
00000745  _register_unlock               
0000074b  _register_lock                 
00000753  _nop                           
00000759  __TI_decompress_none           
00000767  ResetISR                       
00000773  GPIOPinWrite                   
00000779  _system_pre_init               
00000794  __TI_Handler_Table_Base        
0000079c  __TI_CINIT_Base                
0000079c  __TI_Handler_Table_Limit       
000007a4  __TI_CINIT_Limit               
20000000  __stack                        
20000200  __STACK_END                    
20000200  __STACK_TOP                    
20000200  __TI_cleanup_ptr               
20000204  __TI_dtors_ptr                 
20000208  __TI_enable_exit_profile_output
2000020c  _lock                          
20000210  _unlock                        
20000214  main_func_sp                   
ffffffff  __TI_pprof_out_hndl            
ffffffff  __TI_prof_data_size            
ffffffff  __TI_prof_data_start           
ffffffff  __binit__                      
ffffffff  __c_args__                     
ffffffff  binit                          
UNDEFED   SHT$$INIT_ARRAY$$Base          
UNDEFED   SHT$$INIT_ARRAY$$Limit         

[51 symbols]
