******************************************************************************
                  TI ARM Linker Unix v16.6.0                   
******************************************************************************
>> Linked Mon Sep  5 13:01:19 2016

OUTPUT FILE NAME:   <pwm.out>
ENTRY POINT SYMBOL: "_c_int00"  address: 000006a5


MEMORY CONFIGURATION

         name            origin    length      used     unused   attr    fill
----------------------  --------  ---------  --------  --------  ----  --------
  FLASH                 00000000   00040000  00000a22  0003f5de  R  X
  SRAM                  20000000   00008000  00000218  00007de8  RW X


SEGMENT ALLOCATION MAP

run origin  load origin   length   init length attrs members
----------  ----------- ---------- ----------- ----- -------
00000000    00000000    00000a24   00000a24    r-x
  00000000    00000000    0000026c   0000026c    r-- .intvecs
  0000026c    0000026c    00000702   00000702    r-x .text
  00000970    00000970    00000090   00000090    r-- .const
  00000a00    00000a00    00000024   00000024    r-- .cinit
20000000    20000000    00000218   00000000    rw-
  20000000    20000000    00000200   00000000    rw- .stack
  20000200    20000200    00000018   00000000    rw- .data


SECTION ALLOCATION MAP

 output                                  attributes/
section   page    origin      length       input sections
--------  ----  ----------  ----------   ----------------
.intvecs   0    00000000    0000026c     
                  00000000    0000026c     tm4c123gh6pm_startup_ccs.obj (.intvecs)

.text      0    0000026c    00000702     
                  0000026c    00000132     driverlib.lib : gpio.obj (.text:GPIOPadConfigSet)
                  0000039e    00000002     rtsv7M4_T_le_v4SPD16_eabi.lib : mpu_init.obj (.text)
                  000003a0    000000f4     driverlib.lib : sysctl.obj (.text:SysCtlClockSet)
                  00000494    0000009c     main.obj (.text)
                  00000530    0000009c     rtsv7M4_T_le_v4SPD16_eabi.lib : memcpy_t2.obj (.text)
                  000005cc    00000070                                   : autoinit.obj (.text)
                  0000063c    00000066                                   : copy_decompress_lzss.obj (.text:decompress:lzss)
                  000006a2    00000002                                   : startup.obj (.text)
                  000006a4    00000054                                   : boot.obj (.text)
                  000006f8    00000054                                   : exit.obj (.text)
                  0000074c    0000004c                                   : cpy_tbl.obj (.text)
                  00000798    00000048     driverlib.lib : gpio.obj (.text:GPIOPinConfigure)
                  000007e0    00000038                   : sysctl.obj (.text:SysCtlPeripheralReady)
                  00000818    00000034                   : sysctl.obj (.text:SysCtlPeripheralEnable)
                  0000084c    0000002a                   : gpio.obj (.text:GPIODirModeSet)
                  00000876    00000022                   : pwm.obj (.text:PWMGenConfigure)
                  00000898    0000001e                   : pwm.obj (.text:PWMPulseWidthSet)
                  000008b6    00000002     --HOLE-- [fill = 0]
                  000008b8    00000018     rtsv7M4_T_le_v4SPD16_eabi.lib : args_main.obj (.text)
                  000008d0    00000014     driverlib.lib : sysctl.obj (.text:SysCtlPWMClockSet)
                  000008e4    00000014     rtsv7M4_T_le_v4SPD16_eabi.lib : _lock.obj (.text)
                  000008f8    00000012     driverlib.lib : gpio.obj (.text:GPIOPinTypePWM)
                  0000090a    00000012                   : pwm.obj (.text:PWMGenPeriodGet)
                  0000091c    00000012                   : pwm.obj (.text:PWMOutputState)
                  0000092e    00000010                   : pwm.obj (.text:PWMGenPeriodSet)
                  0000093e    0000000e     rtsv7M4_T_le_v4SPD16_eabi.lib : copy_decompress_none.obj (.text:decompress:none)
                  0000094c    0000000c     driverlib.lib : pwm.obj (.text:PWMGenEnable)
                  00000958    0000000c     tm4c123gh6pm_startup_ccs.obj (.text)
                  00000964    00000006     driverlib.lib : sysctl.obj (.text:SysCtlDelay)
                  0000096a    00000004     rtsv7M4_T_le_v4SPD16_eabi.lib : pre_init.obj (.text)

.const     0    00000970    00000090     
                  00000970    00000090     driverlib.lib : gpio.obj (.const:g_pui32GPIOBaseAddrs)

.cinit     0    00000a00    00000024     
                  00000a00    00000011     (.cinit..data.load) [load image, compression = lzss]
                  00000a11    00000003     --HOLE-- [fill = 0]
                  00000a14    00000008     (__TI_handler_table)
                  00000a1c    00000008     (__TI_cinit_table)

.init_array 
*          0    00000000    00000000     UNINITIALIZED

.data      0    20000200    00000018     UNINITIALIZED
                  20000200    0000000c     rtsv7M4_T_le_v4SPD16_eabi.lib : exit.obj (.data:$O1$$)
                  2000020c    00000008                                   : _lock.obj (.data:$O1$$)
                  20000214    00000004                                   : stkdepth_vars.obj (.data)

.stack     0    20000000    00000200     UNINITIALIZED
                  20000000    00000200     --HOLE--

MODULE SUMMARY

       Module                         code   ro data   rw data
       ------                         ----   -------   -------
    ./
       tm4c123gh6pm_startup_ccs.obj   12     620       0      
       main.obj                       156    0         0      
    +--+------------------------------+------+---------+---------+
       Total:                         168    620       0      
                                                              
    ../../tivaware/driverlib/ccs/Debug/driverlib.lib
       gpio.obj                       438    144       0      
       sysctl.obj                     378    0         0      
       pwm.obj                        128    0         0      
    +--+------------------------------+------+---------+---------+
       Total:                         944    144       0      
                                                              
    /home/steven/ti/ccsv6/tools/compiler/ti-cgt-arm_16.6.0.STS/lib/rtsv7M4_T_le_v4SPD16_eabi.lib
       memcpy_t2.obj                  156    0         0      
       autoinit.obj                   112    0         0      
       copy_decompress_lzss.obj       102    0         0      
       exit.obj                       84     0         12     
       boot.obj                       84     0         0      
       cpy_tbl.obj                    76     0         0      
       _lock.obj                      20     0         8      
       args_main.obj                  24     0         0      
       copy_decompress_none.obj       14     0         0      
       pre_init.obj                   4      0         0      
       stkdepth_vars.obj              0      0         4      
       mpu_init.obj                   2      0         0      
       startup.obj                    2      0         0      
    +--+------------------------------+------+---------+---------+
       Total:                         680    0         24     
                                                              
       Stack:                         0      0         512    
       Linker Generated:              0      33        0      
    +--+------------------------------+------+---------+---------+
       Grand Total:                   1792   797       536    


LINKER GENERATED COPY TABLES

__TI_cinit_table @ 00000a1c records: 1, size/record: 8, table size: 8
	.data: load addr=00000a00, load size=00000011 bytes, run addr=20000200, run size=00000018 bytes, compression=lzss


LINKER GENERATED HANDLER TABLE

__TI_handler_table @ 00000a14 records: 2, size/record: 4, table size: 8
	index: 0, handler: __TI_decompress_lzss
	index: 1, handler: __TI_decompress_none


GLOBAL SYMBOLS: SORTED ALPHABETICALLY BY Name 

address   name                           
-------   ----                           
000006f9  C$$EXIT                        
0000084d  GPIODirModeSet                 
0000026d  GPIOPadConfigSet               
00000799  GPIOPinConfigure               
000008f9  GPIOPinTypePWM                 
00000877  PWMGenConfigure                
0000094d  PWMGenEnable                   
0000090b  PWMGenPeriodGet                
0000092f  PWMGenPeriodSet                
0000091d  PWMOutputState                 
00000899  PWMPulseWidthSet               
00000959  ResetISR                       
UNDEFED   SHT$$INIT_ARRAY$$Base          
UNDEFED   SHT$$INIT_ARRAY$$Limit         
000003a1  SysCtlClockSet                 
00000965  SysCtlDelay                    
000008d1  SysCtlPWMClockSet              
00000819  SysCtlPeripheralEnable         
000007e1  SysCtlPeripheralReady          
20000200  __STACK_END                    
00000200  __STACK_SIZE                   
20000200  __STACK_TOP                    
00000a1c  __TI_CINIT_Base                
00000a24  __TI_CINIT_Limit               
00000a14  __TI_Handler_Table_Base        
00000a1c  __TI_Handler_Table_Limit       
000005cd  __TI_auto_init                 
20000200  __TI_cleanup_ptr               
0000063d  __TI_decompress_lzss           
0000093f  __TI_decompress_none           
20000204  __TI_dtors_ptr                 
20000208  __TI_enable_exit_profile_output
ffffffff  __TI_pprof_out_hndl            
ffffffff  __TI_prof_data_size            
ffffffff  __TI_prof_data_start           
00000000  __TI_static_base__             
00000531  __aeabi_memcpy                 
00000531  __aeabi_memcpy4                
00000531  __aeabi_memcpy8                
ffffffff  __binit__                      
ffffffff  __c_args__                     
0000039f  __mpu_init                     
20000000  __stack                        
000008b9  _args_main                     
000006a5  _c_int00                       
2000020c  _lock                          
000008f3  _nop                           
000008eb  _register_lock                 
000008e5  _register_unlock               
000006a3  _system_post_cinit             
0000096b  _system_pre_init               
20000210  _unlock                        
000006fd  abort                          
ffffffff  binit                          
0000074d  copy_in                        
00000705  exit                           
00000000  g_pfnVectors                   
00000495  main                           
20000214  main_func_sp                   
00000531  memcpy                         


GLOBAL SYMBOLS: SORTED BY Symbol Address 

address   name                           
-------   ----                           
00000000  __TI_static_base__             
00000000  g_pfnVectors                   
00000200  __STACK_SIZE                   
0000026d  GPIOPadConfigSet               
0000039f  __mpu_init                     
000003a1  SysCtlClockSet                 
00000495  main                           
00000531  __aeabi_memcpy                 
00000531  __aeabi_memcpy4                
00000531  __aeabi_memcpy8                
00000531  memcpy                         
000005cd  __TI_auto_init                 
0000063d  __TI_decompress_lzss           
000006a3  _system_post_cinit             
000006a5  _c_int00                       
000006f9  C$$EXIT                        
000006fd  abort                          
00000705  exit                           
0000074d  copy_in                        
00000799  GPIOPinConfigure               
000007e1  SysCtlPeripheralReady          
00000819  SysCtlPeripheralEnable         
0000084d  GPIODirModeSet                 
00000877  PWMGenConfigure                
00000899  PWMPulseWidthSet               
000008b9  _args_main                     
000008d1  SysCtlPWMClockSet              
000008e5  _register_unlock               
000008eb  _register_lock                 
000008f3  _nop                           
000008f9  GPIOPinTypePWM                 
0000090b  PWMGenPeriodGet                
0000091d  PWMOutputState                 
0000092f  PWMGenPeriodSet                
0000093f  __TI_decompress_none           
0000094d  PWMGenEnable                   
00000959  ResetISR                       
00000965  SysCtlDelay                    
0000096b  _system_pre_init               
00000a14  __TI_Handler_Table_Base        
00000a1c  __TI_CINIT_Base                
00000a1c  __TI_Handler_Table_Limit       
00000a24  __TI_CINIT_Limit               
20000000  __stack                        
20000200  __STACK_END                    
20000200  __STACK_TOP                    
20000200  __TI_cleanup_ptr               
20000204  __TI_dtors_ptr                 
20000208  __TI_enable_exit_profile_output
2000020c  _lock                          
20000210  _unlock                        
20000214  main_func_sp                   
ffffffff  __TI_pprof_out_hndl            
ffffffff  __TI_prof_data_size            
ffffffff  __TI_prof_data_start           
ffffffff  __binit__                      
ffffffff  __c_args__                     
ffffffff  binit                          
UNDEFED   SHT$$INIT_ARRAY$$Base          
UNDEFED   SHT$$INIT_ARRAY$$Limit         

[60 symbols]
